// Jest Snapshot v1, https://goo.gl/fbAQLP

exports[`<Input /> renders correctly 1`] = `
<View
  style={
    Object {
      "marginBottom": 20,
    }
  }
>
  <Text
    style={
      Object {
        "color": "#818191",
      }
    }
  />
  <TextInput
    onChangeText=""
    secureTextEntry={false}
    style={
      Object {
        "borderColor": "#818191",
        "borderRadius": 8,
        "borderWidth": 1,
        "height": 50,
        "marginTop": 4,
        "padding": 6,
      }
    }
    value=""
  />
</View>
`;
