// Jest Snapshot v1, https://goo.gl/fbAQLP

exports[`<List /> renders correctly 1`] = `
<View
  style={
    Object {
      "alignItems": "center",
      "backgroundColor": "#fafcfd",
      "flex": 1,
      "justifyContent": "flex-end",
    }
  }
>
  <View
    style={
      Object {
        "alignItems": "center",
        "flex": 1,
        "justifyContent": "center",
        "padding": 30,
        "width": 750,
      }
    }
  >
    <Text
      style={
        Array [
          Object {
            "color": "#fafcfd",
            "fontSize": 24,
            "fontWeight": "600",
          },
          Object {
            "color": "#101d42",
            "fontWeight": "600",
          },
        ]
      }
    >
      Agenda
    </Text>
  </View>
</View>
`;
